// Jest Snapshot v1, https://goo.gl/fbAQLP

exports[`should render and match snapshot 1`] = `
<DocumentFragment>
  <section
    class="container"
  >
    <label
      class="price_filter__label"
    >
      product_filter.label
    </label>
    <form
      action="#"
      class="custom_filter"
    >
      <input
        class="custom_filter__input"
        min="0"
        name="custom-minimun"
        placeholder="product_filter.input_minimun.placeholder_label"
        type="number"
        value=""
      />
      <span
        class="custom_filter__separator"
      />
      <input
        class="custom_filter__input"
        min="0"
        name="custom-maximun"
        placeholder="product_filter.input_maximun.placeholder_label"
        type="number"
        value="10000"
      />
      <button
        class="custom_filter__button"
      >
        <svg
          fill="none"
          height="1em"
          stroke="currentColor"
          stroke-width="0"
          viewBox="0 0 15 15"
          width="1em"
          xmlns="http://www.w3.org/2000/svg"
        >
          <path
            clip-rule="evenodd"
            d="M6.18194 4.18185C6.35767 4.00611 6.6426 4.00611 6.81833 4.18185L9.81833 7.18185C9.90272 7.26624 9.95013 7.3807 9.95013 7.50005C9.95013 7.6194 9.90272 7.73386 9.81833 7.81825L6.81833 10.8182C6.6426 10.994 6.35767 10.994 6.18194 10.8182C6.0062 10.6425 6.0062 10.3576 6.18194 10.1819L8.86374 7.50005L6.18194 4.81825C6.0062 4.64251 6.0062 4.35759 6.18194 4.18185Z"
            fill="currentColor"
            fill-rule="evenodd"
          />
        </svg>
      </button>
    </form>
  </section>
</DocumentFragment>
`;
